exports[`test has not unexpectedly changed 1`] = `
<div
  className="Home"
  style={
    Object {
      "alignItems": "center",
      "display": "flex",
      "justifyContent": "center",
      "padding": "3vh 3vw",
      "width": "100%"
    }
  }>
  Home of the future Trackdidia App!
</div>
`;
